0 verbose cli C:\Users\Lwh77\.workbuddy\binaries\node\versions\22.22.2\node.exe C:\Users\Lwh77\.workbuddy\binaries\node\versions\22.22.2\node_modules\npm\bin\npm-cli.js
1 info using npm@10.9.7
2 info using node@v22.22.2
3 silly config load:file:C:\Users\Lwh77\.workbuddy\binaries\node\versions\22.22.2\node_modules\npm\npmrc
4 silly config load:file:C:\Users\Lwh77\Desktop\workspace\okcode\.lockgen\.npmrc
5 silly config load:file:C:\Users\Lwh77\.npmrc
6 silly config load:file:C:\Users\Lwh77\Desktop\workspace\okcode\.lockgen\etc\npmrc
7 verbose title npm install
8 verbose argv "--prefix" "C:\\Users\\Lwh77\\Desktop\\workspace\\okcode\\.lockgen" "install" "--package-lock-only" "--ignore-scripts" "--registry" "https://registry.npmmirror.com" "--legacy-peer-deps" "--no-audit" "--no-fund" "--progress" "false" "--fetch-retries" "1" "--fetch-timeout" "60000"
9 verbose logfile logs-max:10 dir:C:\Users\Lwh77\Desktop\workspace\okcode\.npm-cache-p1\_logs\2026-08-20T10_26_14_829Z-
10 verbose logfile C:\Users\Lwh77\Desktop\workspace\okcode\.npm-cache-p1\_logs\2026-08-20T10_26_14_829Z-debug-0.log
11 silly logfile done cleaning log files
12 silly packumentCache heap:4345298944 maxSize:1086324736 maxEntrySize:543162368
13 silly idealTree buildDeps
14 silly fetch manifest next@^15.5.0
15 silly packumentCache full:https://registry.npmmirror.com/next cache-miss
16 http fetch GET 200 https://registry.npmmirror.com/next 89879ms (cache miss)
17 silly fetch manifest react@^19.0.0
18 silly packumentCache full:https://registry.npmmirror.com/react cache-miss
19 http fetch GET 200 https://registry.npmmirror.com/react 89683ms (cache miss)
20 silly fetch manifest react-dom@^19.0.0
21 silly packumentCache full:https://registry.npmmirror.com/react-dom cache-miss
22 http fetch GET 200 https://registry.npmmirror.com/react-dom 89459ms (cache miss)
23 silly fetch manifest @types/node@^22.0.0
24 silly packumentCache full:https://registry.npmmirror.com/@types%2fnode cache-miss
25 http fetch GET 200 https://registry.npmmirror.com/@types%2fnode 89431ms (cache miss)
26 silly fetch manifest @types/react@^19.0.0
27 silly packumentCache full:https://registry.npmmirror.com/@types%2freact cache-miss
